EN kbddecoder NULL C:/Users/Ja/Desktop/Snake/Snake/kbdDecoder.vhd sub00/vhpl08 1489871966
AR vga_640x480 behavioral C:/Users/Ja/Desktop/Snake/Snake/VGA_640x480.vhd sub00/vhpl01 1490531084
EN engine NULL C:/Users/Ja/Desktop/Snake/Snake/engine.vhd sub00/vhpl06 1490897034
AR main behavioral C:/Users/Ja/Desktop/Snake/Snake/main.vhf sub00/vhpl03 1489871969
EN vga_640x480 NULL C:/Users/Ja/Desktop/Snake/Snake/VGA_640x480.vhd sub00/vhpl00 1490531083
EN main NULL C:/Users/Ja/Desktop/Snake/Snake/main.vhf sub00/vhpl02 1489871968
AR engine behavioral C:/Users/Ja/Desktop/Snake/Snake/engine.vhd sub00/vhpl07 1490896392
AR kbddecoder behavioral C:/Users/Ja/Desktop/Snake/Snake/kbdDecoder.vhd sub00/vhpl09 1489871967
AR timer behavioral C:/Users/Ja/Desktop/Snake/Snake/timer.vhd sub00/vhpl05 1490900493
EN timer NULL C:/Users/Ja/Desktop/Snake/Snake/timer.vhd sub00/vhpl04 1490900492
