AR vga_640x480 behavioral C:/Users/lab/Desktop/Snake/Snake/VGA_640x480.vhd sub00/vhpl01 1489754671
EN engine NULL C:/Users/lab/Desktop/Snake/Snake/engine.vhd sub00/vhpl06 1489754674
AR main behavioral C:/Users/lab/Desktop/Snake/Snake/main.vhf sub00/vhpl03 1489754677
EN vga_640x480 NULL C:/Users/lab/Desktop/Snake/Snake/VGA_640x480.vhd sub00/vhpl00 1489754670
EN main NULL C:/Users/lab/Desktop/Snake/Snake/main.vhf sub00/vhpl02 1489754676
AR engine behavioral C:/Users/lab/Desktop/Snake/Snake/engine.vhd sub00/vhpl07 1489754675
AR timer behavioral C:/Users/lab/Desktop/Snake/Snake/timer.vhd sub00/vhpl05 1489754673
EN timer NULL C:/Users/lab/Desktop/Snake/Snake/timer.vhd sub00/vhpl04 1489754672
