V3 36
FL C:/Users/Ja/Desktop/ZAJECIA/Snake/Snake/decAddr.vhd 2017/03/31.12:25:38 P.20131013
EN work/decAddr 1492187999 FL C:/Users/Ja/Desktop/ZAJECIA/Snake/Snake/decAddr.vhd \
      PB ieee/std_logic_1164 1381692176
AR work/decAddr/Behavioral 1492188000 \
      FL C:/Users/Ja/Desktop/ZAJECIA/Snake/Snake/decAddr.vhd EN work/decAddr 1492187999
FL C:/Users/Ja/Desktop/ZAJECIA/Snake/Snake/engine.vhd 2017/04/14.18:39:47 P.20131013
EN work/engine 1492188003 FL C:/Users/Ja/Desktop/ZAJECIA/Snake/Snake/engine.vhd \
      PB ieee/std_logic_1164 1381692176 PB ieee/NUMERIC_STD 1381692181
AR work/engine/Behavioral 1492188004 \
      FL C:/Users/Ja/Desktop/ZAJECIA/Snake/Snake/engine.vhd EN work/engine 1492188003
FL C:/Users/Ja/Desktop/ZAJECIA/Snake/Snake/kbdDecoder.vhd 2017/03/16.22:33:56 P.20131013
EN work/kbdDecoder 1492187997 \
      FL C:/Users/Ja/Desktop/ZAJECIA/Snake/Snake/kbdDecoder.vhd \
      PB ieee/std_logic_1164 1381692176
AR work/kbdDecoder/Behavioral 1492187998 \
      FL C:/Users/Ja/Desktop/ZAJECIA/Snake/Snake/kbdDecoder.vhd \
      EN work/kbdDecoder 1492187997
FL C:/Users/Ja/Desktop/ZAJECIA/Snake/Snake/main.vhf 2017/03/31.13:47:20 P.20131013
EN work/main 1492188005 FL C:/Users/Ja/Desktop/ZAJECIA/Snake/Snake/main.vhf \
      PB ieee/std_logic_1164 1381692176 PB ieee/NUMERIC_STD 1381692181 LB UNISIM \
      PH unisim/VCOMPONENTS 1381692182
AR work/main/BEHAVIORAL 1492188006 \
      FL C:/Users/Ja/Desktop/ZAJECIA/Snake/Snake/main.vhf EN work/main 1492188005 \
      CP VGA_640x480 CP timer CP PS2_Kbd CP kbdDecoder CP decAddr CP sync_ram \
      CP engine
FL C:/Users/Ja/Desktop/ZAJECIA/Snake/Snake/sync_ram.vhd 2017/03/31.12:23:46 P.20131013
EN work/sync_ram 1492188001 \
      FL C:/Users/Ja/Desktop/ZAJECIA/Snake/Snake/sync_ram.vhd \
      PB ieee/std_logic_1164 1381692176 PB ieee/NUMERIC_STD 1381692181
AR work/sync_ram/RTL 1492188002 \
      FL C:/Users/Ja/Desktop/ZAJECIA/Snake/Snake/sync_ram.vhd EN work/sync_ram 1492188001
FL C:/Users/Ja/Desktop/ZAJECIA/Snake/Snake/timer.vhd 2017/03/16.22:33:56 P.20131013
EN work/timer 1492187995 FL C:/Users/Ja/Desktop/ZAJECIA/Snake/Snake/timer.vhd \
      PB ieee/std_logic_1164 1381692176 PB ieee/NUMERIC_STD 1381692181
AR work/timer/Behavioral 1492187996 \
      FL C:/Users/Ja/Desktop/ZAJECIA/Snake/Snake/timer.vhd EN work/timer 1492187995
FL C:/Users/Ja/Desktop/ZAJECIA/Snake/Snake/VGA_640x480.vhd 2017/03/31.13:45:14 P.20131013
EN work/VGA_640x480 1492187993 \
      FL C:/Users/Ja/Desktop/ZAJECIA/Snake/Snake/VGA_640x480.vhd \
      PB ieee/std_logic_1164 1381692176 PB ieee/NUMERIC_STD 1381692181
AR work/VGA_640x480/Behavioral 1492187994 \
      FL C:/Users/Ja/Desktop/ZAJECIA/Snake/Snake/VGA_640x480.vhd \
      EN work/VGA_640x480 1492187993
FL C:/Users/lab/Desktop/Snake/Snake/decAddr.vhd 2017/03/31.12:25:37 P.20131013
FL C:/Users/lab/Desktop/Snake/Snake/engine.vhd 2017/03/31.13:45:44 P.20131013
FL C:/Users/lab/Desktop/Snake/Snake/kbdDecoder.vhd 2017/03/16.22:33:56 P.20131013
FL C:/Users/lab/Desktop/Snake/Snake/main.vhf 2017/03/31.13:47:19 P.20131013
FL C:/Users/lab/Desktop/Snake/Snake/sync_ram.vhd 2017/03/31.12:23:44 P.20131013
FL C:/Users/lab/Desktop/Snake/Snake/timer.vhd 2017/03/16.22:33:56 P.20131013
FL C:/Users/lab/Desktop/Snake/Snake/VGA_640x480.vhd 2017/03/31.13:45:12 P.20131013
