V3 29
FL C:/Users/lab/Desktop/Snake/Snake/decAddr.vhd 2017/03/31.12:25:37 P.20131013
EN work/decAddr 1490960848 FL C:/Users/lab/Desktop/Snake/Snake/decAddr.vhd \
      PB ieee/std_logic_1164 1381692176
AR work/decAddr/Behavioral 1490960849 \
      FL C:/Users/lab/Desktop/Snake/Snake/decAddr.vhd EN work/decAddr 1490960848
FL C:/Users/lab/Desktop/Snake/Snake/engine.vhd 2017/03/31.13:45:44 P.20131013
EN work/engine 1490960852 FL C:/Users/lab/Desktop/Snake/Snake/engine.vhd \
      PB ieee/std_logic_1164 1381692176 PB ieee/NUMERIC_STD 1381692181
AR work/engine/Behavioral 1490960853 \
      FL C:/Users/lab/Desktop/Snake/Snake/engine.vhd EN work/engine 1490960852
FL C:/Users/lab/Desktop/Snake/Snake/kbdDecoder.vhd 2017/03/16.22:33:56 P.20131013
EN work/kbdDecoder 1490960846 FL C:/Users/lab/Desktop/Snake/Snake/kbdDecoder.vhd \
      PB ieee/std_logic_1164 1381692176
AR work/kbdDecoder/Behavioral 1490960847 \
      FL C:/Users/lab/Desktop/Snake/Snake/kbdDecoder.vhd EN work/kbdDecoder 1490960846
FL C:/Users/lab/Desktop/Snake/Snake/main.vhf 2017/03/31.13:47:19 P.20131013
EN work/main 1490960854 FL C:/Users/lab/Desktop/Snake/Snake/main.vhf \
      PB ieee/std_logic_1164 1381692176 PB ieee/NUMERIC_STD 1381692181 LB UNISIM \
      PH unisim/VCOMPONENTS 1381692182
AR work/main/BEHAVIORAL 1490960855 \
      FL C:/Users/lab/Desktop/Snake/Snake/main.vhf EN work/main 1490960854 \
      CP VGA_640x480 CP timer CP PS2_Kbd CP kbdDecoder CP decAddr CP sync_ram \
      CP engine
FL C:/Users/lab/Desktop/Snake/Snake/sync_ram.vhd 2017/03/31.12:23:44 P.20131013
EN work/sync_ram 1490960850 FL C:/Users/lab/Desktop/Snake/Snake/sync_ram.vhd \
      PB ieee/std_logic_1164 1381692176 PB ieee/NUMERIC_STD 1381692181
AR work/sync_ram/RTL 1490960851 \
      FL C:/Users/lab/Desktop/Snake/Snake/sync_ram.vhd EN work/sync_ram 1490960850
FL C:/Users/lab/Desktop/Snake/Snake/timer.vhd 2017/03/16.22:33:56 P.20131013
EN work/timer 1490960844 FL C:/Users/lab/Desktop/Snake/Snake/timer.vhd \
      PB ieee/std_logic_1164 1381692176 PB ieee/NUMERIC_STD 1381692181
AR work/timer/Behavioral 1490960845 \
      FL C:/Users/lab/Desktop/Snake/Snake/timer.vhd EN work/timer 1490960844
FL C:/Users/lab/Desktop/Snake/Snake/VGA_640x480.vhd 2017/03/31.13:45:12 P.20131013
EN work/VGA_640x480 1490960842 \
      FL C:/Users/lab/Desktop/Snake/Snake/VGA_640x480.vhd PB ieee/std_logic_1164 1381692176 \
      PB ieee/NUMERIC_STD 1381692181
AR work/VGA_640x480/Behavioral 1490960843 \
      FL C:/Users/lab/Desktop/Snake/Snake/VGA_640x480.vhd EN work/VGA_640x480 1490960842
